00:00 +0: loading C:/Users/PC/farumasi_patient_app/test/unit/auth_reset_test.dart
00:00 +0: C:/Users/PC/farumasi_patient_app/test/unit/auth_reset_test.dart: AuthRepository Reset Password sendPasswordResetEmail should complete without error
00:00 +1: C:/Users/PC/farumasi_patient_app/test/unit/auth_reset_test.dart: AuthRepository Reset Password sendPasswordResetEmail should complete without error
00:00 +2: C:/Users/PC/farumasi_patient_app/test/unit/auth_reset_test.dart: AuthRepository Reset Password sendPasswordResetEmail should complete without error
00:01 +3: C:/Users/PC/farumasi_patient_app/test/unit/auth_reset_test.dart: AuthRepository Reset Password sendPasswordResetEmail should throw failure for invalid email
00:02 +3 -1: C:/Users/PC/farumasi_patient_app/test/unit/auth_reset_test.dart: AuthRepository Reset Password sendPasswordResetEmail should throw failure for invalid email [E]
  Expected: throws <Instance of 'Exception'>
    Actual: <Closure: () => Future<void>>
     Which: returned a Future that emitted <null>
  
  package:matcher                                     expect
  package:flutter_test/src/widget_tester.dart 473:18  expect
  test\unit\auth_reset_test.dart 20:7                 main.<fn>.<fn>
  
00:02 +3 -1: C:/Users/PC/farumasi_patient_app/test/unit/auth_reset_test.dart: AuthRepository Reset Password sendPasswordResetEmail should throw failure for empty email
00:03 +3 -2: C:/Users/PC/farumasi_patient_app/test/widget/add_edit_medicine_screen_test.dart: renders all essential input fields on Add Medicine screen
00:03 +3 -2: C:/Users/PC/farumasi_patient_app/test/unit/auth_reset_test.dart: AuthRepository Reset Password sendPasswordResetEmail should throw failure for empty email [E]
  Expected: throws <Instance of 'Exception'>
    Actual: <Closure: () => Future<void>>
     Which: returned a Future that emitted <null>
  
  package:matcher                                     expect
  package:flutter_test/src/widget_tester.dart 473:18  expect
  test\unit\auth_reset_test.dart 30:7                 main.<fn>.<fn>
  
00:05 +4 -2: C:/Users/PC/farumasi_patient_app/test/widget/cart_screen_test.dart: CartScreen displays empty state when cart is empty
00:06 +5 -2: C:/Users/PC/farumasi_patient_app/test/widget/cart_screen_test.dart: CartScreen displays loading indicator when state is CartLoading
00:07 +6 -2: C:/Users/PC/farumasi_patient_app/test/widget/forgot_password_screen_test.dart: ForgotPasswordScreen renders correctly
00:09 +7 -2: C:/Users/PC/farumasi_patient_app/test/widget/medicine_item_test.dart: (setUpAll)
00:09 +7 -2: C:/Users/PC/farumasi_patient_app/test/widget/medicine_item_test.dart: MedicineItem displays name and price
00:10 +8 -2: C:/Users/PC/farumasi_patient_app/test/widget/medicine_item_test.dart: (tearDownAll)
00:10 +8 -2: Some tests failed.
